{{#scite:OCLC41266045
 |type=schema:Book;schema:CreativeWork|+sep=;
 |title=Harry Potter and the prisoner of Azkaban
 |author=J. K. Rowling;(Fictitious character) Harry Potter|+sep=;
 |pubdate=1999
 |abstract=During his third year at Hogwarts School for Witchcraft and Wizardry, Harry Potter must confront the devious and dangerous wizard responsible for his parents' deaths.
 |subject=Fantasy fiction;Harry Potter (Fictitious character.);Magic;Schools;Wizards;Magic;Magic;Schools;Wizards;Hogwarts School of Witchcraft and Wizardry (Imaginary organization);Granger, Hermione (Fictitious character);Weasley, Ron (Fictitious character)|+sep=;
 |genre=Juvenile works;Fantasy fiction;Fiction|+sep=;
 |isbn=9780439136358;0439136350;9780439136365;0439136369;9781480614994;1480614998|+sep=;
 |oclc=41266045
 |viaf=116796842;308752753|+sep=;
 |url=http://www.worldcat.org/oclc/41266045
 |edition=1st American ed.
}}