{{#scite:OL2206423M
 |title=Zen flesh, Zen bones
 |subtitle=a collection of Zen & pre-Zen writings
 |author=Paul Reps
 |publisher=Anchor Books
 |pubdate=1989
 |pages=174
 |subject=Zen literature;Protected DAISY;Accessible book;In library|+sep=;
 |isbn=0385081308
 |lccn=89028542
 |olid=OL2206423M
 |url=https://openlibrary.org/books/OL2206423M/Zen_flesh_Zen_bones
 |dewey decimal class=294.3/927
 |lc classifications=BQ9264 .R47 1989
 |cover=https://covers.openlibrary.org/b/id/4610625-M.jpg
}}