{{#scite:PMC2776723
 |type=research-article
 |title=Design Logic of a Cannabinoid Receptor Signaling Network That Triggers Neurite Outgrowth
 |author=Bromberg KD;Ma'ayan A;Neves SR;Iyengar R|+sep=;
 |journal=Science (New York, N.Y.)
 |pubdate=2008/05/16 00:00
 |year=2009
 |volume=320
 |issue=5878
 |pages=903-909
 |doi=10.1126/science.1152662
 |abstract=Cannabinoid receptor ...
 |pmid=18487186
 |pmcid=PMC2776723
}}